in_source: |-
  data: {
  }
  run: {
      read: {
          inputchar[R2, 0];
          store[R2, (R1)];
          cmp[R2,R3];
          je[out_2];
          load[R2,1];
          add[R1, R2];
          jmp[read];
      }
      out_2: {
          load[R1, 0];
          jmp[output_loop_2];
      }
      output_loop_2: {
          load[R2,(R1)];
          outputchar[R2, 2];
          load[R3,0];
          cmp[R2, R3];       
          je[end];         
          load[R2, 1];
          add[R1, R2];
          jmp[output_loop_2]; 
      }
      end: {
          stop;
      }
  }
in_stdin: |-
  hello
out_code: |-
  011000000000000000000000001000000000000000000000000011110000000000000000000001000000000000000000000001001100000000000000000000001000000000000000000000011010000000000000000000000000000000000000000000000111000010000000000000000000001000000000000000000000001001000000000000000000000000100000000000000000000010001110000000000000000000000000000000000000000000000000010000000000000000000000100000000000000000000000001110000000000000000000000000000000000000000001001000100000000000000000000001000000000000000000000001011010000000000000000000001000000000000000000000010000010000000000000000000001100000000000000000000000001100000000000000000000001000000000000000000000011010000000000000000000000000000000000000000000010001000010000000000000000000001000000000000000000000001001000000000000000000000000100000000000000000000010001110000000000000000000000000000000000000000001001011100000000000000000000000000000000000000000000000
out_stdout: |-
  hello
out_log: |
